// Jest Snapshot v1, https://goo.gl/fbAQLP

exports[`The LoginForm ...renders the login form 1`] = `
<div
  class="{LoginTest Loginform-grid-2"
>
  <h2
    class="MuiTypography-root-4 MuiTypography-h2-17 MuiTypography-colorSecondary-35 title sc-bdVaJa kpcbbS"
  >
    Login
  </h2>
  <div
    class="MuiFormControl-root-39 MuiFormControl-marginNormal-40 email sc-bwzfXH iTiVBl"
  >
    <label
      class="MuiFormLabel-root-50 MuiFormLabel-required-55 MuiInputLabel-root-43 MuiInputLabel-formControl-44 MuiInputLabel-animated-47 MuiInputLabel-outlined-49"
      data-shrink="false"
      style="background:#fafafa"
    >
      Username | Email
      <span
        class="MuiFormLabel-asterisk-56"
      >
         *
      </span>
    </label>
    <div
      class="MuiInputBase-root-70 MuiOutlinedInput-root-57 MuiInputBase-formControl-71"
    >
      <fieldset
        aria-hidden="true"
        class="MuiPrivateNotchedOutline-root-87 MuiOutlinedInput-notchedOutline-64"
        style="padding-left:8px"
      >
        <legend
          class="MuiPrivateNotchedOutline-legend-88"
          style="width:0.01px"
        />
      </fieldset>
      <input
        aria-invalid="false"
        class="MuiInputBase-input-80 MuiOutlinedInput-input-65"
        name="identifier"
        placeholder="enter username or email"
        required=""
        type="text"
        value=""
      />
    </div>
  </div>
  <div
    class="MuiFormControl-root-39 MuiFormControl-marginNormal-40 password sc-htpNat eNzgWE"
  >
    <label
      class="MuiFormLabel-root-50 MuiFormLabel-required-55 MuiInputLabel-root-43 MuiInputLabel-formControl-44 MuiInputLabel-animated-47 MuiInputLabel-outlined-49"
      data-shrink="false"
      style="background:#fafafa"
    >
      Password
      <span
        class="MuiFormLabel-asterisk-56"
      >
         *
      </span>
    </label>
    <div
      class="MuiInputBase-root-70 MuiOutlinedInput-root-57 MuiInputBase-formControl-71"
    >
      <fieldset
        aria-hidden="true"
        class="MuiPrivateNotchedOutline-root-87 MuiOutlinedInput-notchedOutline-64"
        style="padding-left:8px"
      >
        <legend
          class="MuiPrivateNotchedOutline-legend-88"
          style="width:0.01px"
        />
      </fieldset>
      <input
        aria-invalid="false"
        class="MuiInputBase-input-80 MuiOutlinedInput-input-65 MuiInputBase-inputType-83"
        name="password"
        placeholder="enter password"
        required=""
        type="password"
        value=""
      />
    </div>
  </div>
  <a
    class="regLink sc-ifAKCX ciSOvH"
    href="/register"
  >
    Click here for a new account
  </a>
  <button
    class="MuiButtonBase-root-118 MuiButton-root-92 MuiButton-contained-103 MuiButton-containedPrimary-104 MuiButton-raised-106 MuiButton-raisedPrimary-107 MuiButton-sizeSmall-115 sc-bxivhb dwQCxZ"
    name="Log in"
    tabindex="0"
    type="submit"
  >
    <span
      class="MuiButton-label-93"
    >
      Go
    </span>
  </button>
</div>
`;
