// Jest Snapshot v1, https://goo.gl/fbAQLP

exports[`The LoginForm ...renders the login form 1`] = `
<form
  class="MuiFormControl-root-7 Loginform-grid-3"
>
  <div
    class="Loginform-title-6"
    color="secondary"
  >
    <h4
      class="MuiTypography-root-11 MuiTypography-h4-26 MuiTypography-colorSecondary-42"
    >
      Login
    </h4>
  </div>
  <div
    class="MuiFormControl-root-7"
  >
    <label
      class="MuiFormLabel-root-57 MuiInputLabel-root-46 MuiInputLabel-formControl-51 MuiInputLabel-animated-54"
      data-shrink="false"
    >
      <p
        class="MuiTypography-root-11 MuiTypography-body1-20 MuiTypography-colorInherit-40"
      >
        Username -or- Email
      </p>
    </label>
    <div
      class="MuiInputBase-root-77 MuiInput-root-64 MuiInput-underline-68 MuiInputBase-formControl-78 MuiInput-formControl-65"
      required=""
    >
      <input
        aria-invalid="false"
        class="MuiInputBase-input-87 MuiInput-input-72"
        name="identifier"
        placeholder=""
        required=""
        type="text"
      />
    </div>
  </div>
  <div
    class="MuiFormControl-root-7"
  >
    <label
      class="MuiFormLabel-root-57 MuiInputLabel-root-46 MuiInputLabel-formControl-51 MuiInputLabel-animated-54"
      data-shrink="false"
    >
      <p
        class="MuiTypography-root-11 MuiTypography-body1-20 MuiTypography-colorInherit-40"
      >
        Password
      </p>
    </label>
    <div
      class="MuiInputBase-root-77 MuiInput-root-64 MuiInput-underline-68 MuiInputBase-formControl-78 MuiInput-formControl-65"
      required=""
    >
      <input
        aria-invalid="false"
        class="MuiInputBase-input-87 MuiInput-input-72 MuiInputBase-inputType-90 MuiInput-inputType-75"
        name="password"
        placeholder=""
        required=""
        type="password"
      />
    </div>
  </div>
  <a
    class="Loginform-regLink-5"
    href="/register"
  >
    <p
      class="MuiTypography-root-11 MuiTypography-body1-20"
    >
       Click here for a new account 
    </p>
  </a>
  <button
    class="MuiButtonBase-root-120 MuiButton-root-94 MuiButton-contained-105 MuiButton-containedPrimary-106 MuiButton-raised-108 MuiButton-raisedPrimary-109 Loginform-button-1"
    tabindex="0"
    type="submit"
  >
    <span
      class="MuiButton-label-95"
    >
      Submit
    </span>
  </button>
</form>
`;
