// Jest Snapshot v1, https://goo.gl/fbAQLP

exports[`[object Object] 1`] = `
<div
  class="nav-bar sc-EHOje hulMMD"
>
  <img
    alt="logo"
    class="logo sc-bZQynM jYoKCs"
    src="logo-white.png"
  >
    
  </img>
  <i
    class="fa"
  >
    
  </i>
  <div
    class="nav-section sc-bdVaJa gkdVAg"
  >
    <i
      class="fa"
    >
      
    </i>
    <ul
      class="sc-htpNat hwcvvy"
      id="menu"
    >
      <a
        auth="false"
        class="sc-bxivhb bhPHGk"
        href="/todos"
      >
        Todos
      </a>
      <a
        auth="false"
        class="sc-bxivhb bhPHGk"
        href="/"
      >
        Logout
      </a>
      <a
        auth="false"
        class="sc-ifAKCX ihoRgB"
        href="/register"
      >
        Register
      </a>
      <a
        auth="false"
        class="sc-ifAKCX ihoRgB"
        href="/login"
      >
        Login
      </a>
    </ul>
  </div>
</div>
`;
