// Jest Snapshot v1, https://goo.gl/fbAQLP

exports[`[object Object] 1`] = `
<div
  class="nav-section sc-bdVaJa bHxvHS"
>
  <ul
    class="sc-htpNat hwcvvy"
    id="menu"
  >
    <a
      auth="false"
      class="sc-bxivhb gsnrXq"
      href="/todos"
    >
      Todos
    </a>
    <a
      auth="false"
      class="sc-bxivhb gsnrXq"
      href="/"
    >
      Logout
    </a>
    <a
      auth="false"
      class="sc-ifAKCX bAzXIu"
      href="/register"
    >
      Register
    </a>
    <a
      auth="false"
      class="sc-ifAKCX bAzXIu"
      href="/login"
    >
      Login
    </a>
  </ul>
</div>
`;
