// Jest Snapshot v1, https://goo.gl/fbAQLP

exports[`...renders the Rank  1`] = `
<div
  class="MuiFormControl-root-4 MuiFormControl-marginDense-6 MuiFormControl-fullWidth-7"
>
  <label
    class="MuiFormLabel-root-19 MuiFormLabel-filled-23 MuiInputLabel-root-8 MuiInputLabel-formControl-13 MuiInputLabel-animated-16 MuiInputLabel-shrink-15 MuiInputLabel-marginDense-14 MuiInputLabel-outlined-18 Rank-label-1"
    data-shrink="true"
    for="new_item_priority"
  >
    set rank
  </label>
  <div
    class="MuiInputBase-root-46 MuiOutlinedInput-root-33 MuiInputBase-fullWidth-55 MuiInputBase-formControl-47 MuiInputBase-marginDense-53"
  >
    <fieldset
      aria-hidden="true"
      class="MuiPrivateNotchedOutline-root-63 MuiOutlinedInput-notchedOutline-40"
      style="padding-left:8px"
    >
      <legend
        class="MuiPrivateNotchedOutline-legend-64"
        style="width:0"
      >
        <span>
          ​
        </span>
      </legend>
    </fieldset>
    <div
      class="MuiSelect-root-26"
    >
      <div
        aria-haspopup="true"
        aria-pressed="false"
        class="MuiSelect-select-27 MuiSelect-selectMenu-30 MuiSelect-outlined-29 MuiInputBase-input-56 MuiOutlinedInput-input-41 MuiInputBase-inputMarginDense-57 MuiOutlinedInput-inputMarginDense-42"
        role="button"
        tabindex="0"
      >
        <span>
          ​
        </span>
      </div>
      <input
        id="new_item_priority"
        name="rank"
        type="hidden"
        value="med"
      />
      <svg
        aria-hidden="true"
        class="MuiSvgIcon-root-65 MuiSelect-icon-32"
        focusable="false"
        role="presentation"
        viewBox="0 0 24 24"
      >
        <path
          d="M7 10l5 5 5-5z"
        />
      </svg>
    </div>
  </div>
</div>
`;
