// Jest Snapshot v1, https://goo.gl/fbAQLP

exports[`...renders the TaskEntry  1`] = `
<div
  class="MuiFormControl-root-1 MuiFormControl-marginDense-3 MuiFormControl-fullWidth-4"
>
  <div
    class="MuiInputBase-root-18 MuiOutlinedInput-root-5 MuiInputBase-fullWidth-27 MuiInputBase-formControl-19 MuiInputBase-marginDense-25"
  >
    <fieldset
      aria-hidden="true"
      class="MuiPrivateNotchedOutline-root-35 MuiOutlinedInput-notchedOutline-12"
      style="padding-left:8px"
    >
      <legend
        class="MuiPrivateNotchedOutline-legend-36"
        style="width:0"
      >
        <span>
          ​
        </span>
      </legend>
    </fieldset>
    <input
      aria-invalid="false"
      class="MuiInputBase-input-28 MuiOutlinedInput-input-13 MuiInputBase-inputMarginDense-29 MuiOutlinedInput-inputMarginDense-14"
      name="task"
      type="text"
      value="med"
    />
  </div>
</div>
`;
