// Jest Snapshot v1, https://goo.gl/fbAQLP

exports[`...renders the TodoForm  1`] = `
<form
  class="MuiFormControl-root-7 TodoForm-grid-3"
>
  <div
    class="MuiFormControl-root-7 MuiFormControl-marginDense-9 MuiFormControl-fullWidth-10 TodoForm-task-6"
  >
    <label
      class="MuiFormLabel-root-22 MuiFormLabel-required-27 MuiInputLabel-required-15 MuiInputLabel-root-11 MuiInputLabel-formControl-16 MuiInputLabel-animated-19 MuiInputLabel-marginDense-17 MuiInputLabel-outlined-21"
      data-shrink="false"
      for="new_item_task"
    >
      enter new task
      <span
        class="MuiFormLabel-asterisk-28"
      >
         *
      </span>
    </label>
    <div
      class="MuiInputBase-root-42 MuiOutlinedInput-root-29 MuiInputBase-fullWidth-51 MuiInputBase-formControl-43 MuiInputBase-marginDense-49"
    >
      <fieldset
        aria-hidden="true"
        class="MuiPrivateNotchedOutline-root-59 MuiOutlinedInput-notchedOutline-36"
        style="padding-left:8px"
      >
        <legend
          class="MuiPrivateNotchedOutline-legend-60"
          style="width:0.01px"
        >
          <span>
            ​
          </span>
        </legend>
      </fieldset>
      <input
        aria-invalid="false"
        class="MuiInputBase-input-52 MuiOutlinedInput-input-37 MuiInputBase-inputMarginDense-53 MuiOutlinedInput-inputMarginDense-38"
        id="new_item_task"
        name="task"
        required=""
        type="text"
        value=""
      />
    </div>
  </div>
  <div
    class="MuiFormControl-root-7 MuiFormControl-marginDense-9 MuiFormControl-fullWidth-10 TodoForm-rank-5"
  >
    <label
      class="MuiFormLabel-root-22 MuiFormLabel-filled-26 MuiInputLabel-root-11 MuiInputLabel-formControl-16 MuiInputLabel-animated-19 MuiInputLabel-shrink-18 MuiInputLabel-marginDense-17"
      data-shrink="true"
      for="new_item_priority"
    >
      set rank
    </label>
    <div
      class="MuiInputBase-root-42 MuiInput-root-68 MuiInput-underline-72 MuiInputBase-fullWidth-51 MuiInput-fullWidth-75 MuiInputBase-formControl-43 MuiInput-formControl-69 MuiInputBase-marginDense-49"
    >
      <div
        class="MuiSelect-root-61"
      >
        <div
          aria-haspopup="true"
          aria-pressed="false"
          class="MuiSelect-select-62 MuiSelect-selectMenu-65 MuiInputBase-input-52 MuiInput-input-76 MuiInputBase-inputMarginDense-53 MuiInput-inputMarginDense-77"
          role="button"
          tabindex="0"
        >
          Med
        </div>
        <input
          id="new_item_priority"
          name="rank"
          type="hidden"
          value="Med"
        />
        <svg
          aria-hidden="true"
          class="MuiSvgIcon-root-81 MuiSelect-icon-67"
          focusable="false"
          role="presentation"
          viewBox="0 0 24 24"
        >
          <path
            d="M7 10l5 5 5-5z"
          />
        </svg>
      </div>
    </div>
  </div>
  <div
    class="MuiFormControl-root-7 MuiFormControl-marginDense-9 MuiFormControl-fullWidth-10 TodoForm-datePick-2"
  >
    <label
      class="MuiFormLabel-root-22 MuiFormLabel-filled-26 MuiInputLabel-root-11 MuiInputLabel-formControl-16 MuiInputLabel-animated-19 MuiInputLabel-shrink-18 MuiInputLabel-marginDense-17"
      data-shrink="true"
      for="new_item_date"
    >
      set due date
    </label>
    <div
      class="MuiInputBase-root-42 MuiInput-root-68 MuiInput-underline-72 MuiInputBase-fullWidth-51 MuiInput-fullWidth-75 MuiInputBase-formControl-43 MuiInput-formControl-69 MuiInputBase-marginDense-49"
    >
      <input
        aria-invalid="false"
        class="MuiInputBase-input-52 MuiInput-input-76 MuiInputBase-inputType-55 MuiInput-inputType-79 MuiInputBase-inputMarginDense-53 MuiInput-inputMarginDense-77"
        id="new_item_date"
        name="date"
        type="date"
        value="2018-12-18"
      />
    </div>
  </div>
  <button
    class="MuiButtonBase-root-120 MuiButton-root-94 MuiButton-contained-105 MuiButton-containedSecondary-107 MuiButton-raised-108 MuiButton-raisedSecondary-110 TodoForm-button-1"
    id="new_item_submit"
    tabindex="0"
    type="submit"
  >
    <span
      class="MuiButton-label-95"
    >
      Add
    </span>
  </button>
</form>
`;
