// Jest Snapshot v1, https://goo.gl/fbAQLP

exports[`...renders the TodoForm  1`] = `
<form
  class="MuiFormControl-root-7 TodoForm-grid-4"
>
  <i
    class="TodoForm-glyph-3"
  />
  <div
    class="MuiInputBase-root-24 MuiInput-root-11 MuiInput-underline-15 MuiInputBase-fullWidth-33 MuiInput-fullWidth-18 MuiInputBase-formControl-25 MuiInput-formControl-12 TodoForm-task-6"
    required=""
  >
    <input
      aria-invalid="false"
      class="MuiInputBase-input-34 MuiInput-input-19"
      id="new_item_task"
      name="task"
      placeholder="Enter a new task here"
      required=""
      type="text"
      value=""
    />
  </div>
  <select
    class="TodoForm-rank-5"
    id="new_item_priority"
    name="rank"
    type="select"
  >
    <option
      value="High"
    >
      High
    </option>
    <option
      selected=""
      value="Med"
    >
      Med
    </option>
    <option
      value="Low"
    >
      Low
    </option>
  </select>
  <input
    class="TodoForm-datePick-2"
    id="new_item_date"
    name="date"
    type="date"
    value="2018-12-17"
  />
  <button
    class="MuiButtonBase-root-67 MuiButton-root-41 MuiButton-contained-52 MuiButton-containedSecondary-54 MuiButton-raised-55 MuiButton-raisedSecondary-57 TodoForm-add-1"
    id="new_item_submit"
    tabindex="0"
    type="submit"
  >
    <span
      class="MuiButton-label-42"
    >
      Add
    </span>
  </button>
</form>
`;
